Have set up a Minimal Install of Centos8 with nothing else installed on the server. Currently there's:

Root
Jyoo

Jyoo has Admin privileges. Currently SSHing from the desktop(work) to the server on 192.168.1.67

********************************************************************************************************
Currently the server, despite being freshly re-deployed, has the hostname of Spacewalk. It seems like the name was assigned
by the router since most likely the Soho router at home has DNS capabilities

To check to see if it supports virtualization:

grep 'svm' /proc/cpuinfo (since it's AMD processor, we will use 'svm'. If it was Intel, it would be 'vmx')

To verify whether the modules are loaded or not for kvm:

[jyoo@spacewalk ~]$ lsmod | grep kvm
kvm                   786432  0
irqbypass              16384  1 kvm

*If not loaded, it can be loaded from BIOS

*******
CORE
For the most part, one core per vCPU is recommended. 
Overcomitting (assigning more virtual resources than the physical resources available) is appropriate if the virtual machines
will not be running CPU-intensive tasks\

PHYSICAL MEMORY (RAM)
always leave at least 2 GB of RAM for the hypervisor (for systems with RAM upto 64 GB)

STORAGE
things to consider:
1. space required for the OS installation
2. SWAP
3. virtual machine disk usage

for most uses, 2 GB of swap space for systems with 4 GB of RAM or less

NETWORK
One NIC with a bandwidth of at least 1 GBps is recommended
*it is suggested to bind multiple network interfaces together into a single channel using Linux bonding technology and build
virtual machine network infrastructure on top of it.
**********
[jyoo@spacewalk ~]$ yum check-update
CentOS-8 - AppStream                                     4.7 MB/s | 5.8 MB     00:01
CentOS-8 - Base                                          2.8 MB/s | 2.2 MB     00:00
CentOS-8 - Extras                                         13 kB/s | 6.7 kB     00:00
[jyoo@spacewalk ~]$ yum update
Error: This command has to be run under the root user.
[jyoo@spacewalk ~]$ sudo yum update
[sudo] password for jyoo:
Last metadata expiration check: 0:02:21 ago on Sat 04 Jul 2020 02:39:39 PM EDT.
Dependencies resolved.
Nothing to do.
Complete!
[jyoo@spacewalk ~]$ yum check-update
Last metadata expiration check: 0:00:27 ago on Sat 04 Jul 2020 02:41:40 PM EDT.
[jyoo@spacewalk ~]$ yum check-update
************

To verify the yum repository is enabled or not on the system:

[jyoo@spacewalk ~]$ yum repolist
repo id                                repo name
AppStream                              CentOS-8 - AppStream
BaseOS                                 CentOS-8 - Base
extras                                 CentOS-8 - Extras

************
Installing virtualization packages

The minimum required packages for setting up a virtualization environment are:
1. libvirt
2. qemu-kvm
3. virt-manager

yum install qemu-kvm libvirt virt-install virt-manager virt-install -y

****************
after installing the KVM virtualization packages, the first thing you should do is start a libvirt service

As soon as you start the libvirt service, it will expose a rich Application Programmable Interface (API) to interact with
qemu-kvm binary

*Qemu-kvm binary- clients such as virsh and virt-manager use this API to talk with qemu-kvm for virtual machine life cycle 
management:


[jyoo@spacewalk ~]$ systemctl enable libvirtd && systemctl start libvirtd
==== AUTHENTICATING FOR org.freedesktop.systemd1.manage-unit-files ====
Authentication is required to manage system service or unit files.
Authenticating as: jason yoo (jyoo)
Password:
==== AUTHENTICATION COMPLETE ====

[jyoo@spacewalk ~]$ systemctl status libvirtd
● libvirtd.service - Virtualization daemon
   Loaded: loaded (/usr/lib/systemd/system/libvirtd.service; enabled; vendor preset: ena>
   Active: active (running) since Sat 2020-07-04 14:50:46 EDT; 2min 29s ago
     Docs: man:libvirtd(8)
           https://libvirt.org
 Main PID: 13135 (libvirtd)
    Tasks: 19 (limit: 32768)
   Memory: 25.0M
   CGroup: /system.slice/libvirtd.service
           ├─13135 /usr/sbin/libvirtd
           ├─13218 /usr/sbin/dnsmasq --conf-file=/var/lib/libvirt/dnsmasq/default.conf ->
           └─13219 /usr/sbin/dnsmasq --conf-file=/var/lib/libvirt/dnsmasq/default.conf ->

Jul 04 14:50:46 spacewalk dnsmasq[13218]: started, version 2.79 cachesize 150
Jul 04 14:50:46 spacewalk dnsmasq[13218]: compile time options: IPv6 GNU-getopt DBus no->
Jul 04 14:50:46 spacewalk dnsmasq-dhcp[13218]: DHCP, IP range 192.168.122.2 -- 192.168.1>
Jul 04 14:50:46 spacewalk dnsmasq-dhcp[13218]: DHCP, sockets bound exclusively to interf>
Jul 04 14:50:46 spacewalk dnsmasq[13218]: reading /etc/resolv.conf
Jul 04 14:50:46 spacewalk dnsmasq[13218]: using nameserver 192.168.1.254#53
Jul 04 14:50:46 spacewalk dnsmasq[13218]: using nameserver 2600:1700:1321:190::1#53
Jul 04 14:50:46 spacewalk dnsmasq[13218]: read /etc/hosts - 2 addresses
Jul 04 14:50:46 spacewalk dnsmasq[13218]: read /var/lib/libvirt/dnsmasq/default.addnhost>
Jul 
********************
Before creating virtual machines, it is very important to validate the system and make sure it meets all the
prerequisites to be a KVM virtualization host. And also undersatnd what the virt capabilities are

1. virt-host-validate
-this command ran as Root will perform sanity checks on KVM capabilities to validate that the host is configured in a suitable 
way to run the libvirt hypervisor drivers using KVM virtualization
EX)
if a server has all the necessary packages required for KVM virtualization but lacks the hardware virtualization support,
this command will give you an output that warns you of such issue

Which parameters are checked by "virt-host-validate"?
-/dev/kvm
The KVM drivers create a /dev/kvm character device on the host to facilitate direct hardware access for virtual machines
*Not having this devices means that the VMs won't be able to access physical hardware, although it's enabled in the BIOS. Also
this can reduce the VMs' performance significantly
-/dev/vhost-net
The vhost-net driver creates a /dev/vhost-net character devices on the host, which will serve as the interface to configure
the vhost-net instance
*Not having this device significantly reduces the virtual machine's network performances
-/dev/net/tun
This is another character special device used for creating tun/tap devices to facilitate network connectivity for a 
virtual machine

[jyoo@spacewalk ~]$ virt-host-validate
  QEMU: Checking for hardware virtualization                                 : PASS
  QEMU: Checking if device /dev/kvm exists                                   : FAIL (Check that the 'kvm-intel' or 'kvm-amd' modules are loaded & the BIOS has enabled virtualization)
  QEMU: Checking if device /dev/vhost-net exists                             : PASS
  QEMU: Checking if device /dev/net/tun exists                               : PASS
  QEMU: Checking for cgroup 'cpu' controller support                         : PASS
  QEMU: Checking for cgroup 'cpuacct' controller support                     : PASS
  QEMU: Checking for cgroup 'cpuset' controller support                      : PASS
  QEMU: Checking for cgroup 'memory' controller support                      : PASS
  QEMU: Checking for cgroup 'devices' controller support                     : PASS
  QEMU: Checking for cgroup 'blkio' controller support                       : PASS
  QEMU: Checking for device assignment IOMMU support                         : PASS
  QEMU: Checking if IOMMU is enabled by kernel                               : PASS


**booted the server in BIOS
M.T.I >> Advanced Frequency Settings >> Advanced CPU settings >> SVM mode ENABLE

jyoo@spacewalk ~]$ virt-host-validate
  QEMU: Checking for hardware virtualization                                 : PASS
  QEMU: Checking if device /dev/kvm exists                                   : PASS
  QEMU: Checking if device /dev/kvm is accessible                            : PASS
  QEMU: Checking if device /dev/vhost-net exists                             : PASS
  QEMU: Checking if device /dev/net/tun exists                               : PASS
  QEMU: Checking for cgroup 'cpu' controller support                         : PASS
  QEMU: Checking for cgroup 'cpuacct' controller support                     : PASS
  QEMU: Checking for cgroup 'cpuset' controller support                      : PASS
  QEMU: Checking for cgroup 'memory' controller support                      : PASS
  QEMU: Checking for cgroup 'devices' controller support                     : PASS
  QEMU: Checking for cgroup 'blkio' controller support                       : PASS
  QEMU: Checking for device assignment IOMMU support                         : PASS
  QEMU: Checking if IOMMU is enabled by kernel                               : PASS
[jyoo@spacewalk ~]$



**AFTER
[jyoo@spacewalk ~]$ lsmod | grep kvm
kvm_amd               110592  0
kvm                   786432  1 kvm_amd
irqbypass              16384  1 kvm
ccp                    98304  1 kvm_amd

** BEFORE

[jyoo@spacewalk ~]$ lsmod | grep kvm
kvm                   786432  0
irqbypass              16384  1 kvm

******
2. The second command to "sanity check" before continuing with the virtualizing is "virsh"

virsh = a command-line interface interface for managing the VM and the hypervisor on a Linux system
*similar to virt-manager, it works as the "client" that talks with the libvirt daemon (libvirtd), as an alternative
to the virt-manager (GUI) and a web-based kimchi-project
Below are some classifications of virsh commands:
-Guest management commands (such as START, STOP)
-Guest monitoring commands (such as MEMSTAT, CPUSTAT)
-Host and hypervisors commands (such as CAPABILITIES, NODEINFO)
-Virtual networking commands (such as NET-LIST, NET-DEFINE)
-Storage management commands (such as POOL-LIST, POOL-DEFINE)
-Snapshot commands (CREATE-SNAPSHOT-AS)

*virsh can display a lot of information regarding the host's capabilities 

[jyoo@spacewalk ~]$ virsh nodeinfo
CPU model:           x86_64
CPU(s):              12
CPU frequency:       3866 MHz
CPU socket(s):       1
Core(s) per socket:  6
Thread(s) per core:  2
NUMA cell(s):        1
Memory size:         16196848 KiB

[jyoo@spacewalk ~]$

*********************
[jyoo@spacewalk ~]$ virsh domcapabilities | grep -i max
  <vcpu max='240'/>

Our server can host a maximum of 240 vCPUs that can be defined for a VM


[jyoo@spacewalk ~]$ virsh domcapabilities | grep diskDevice -A 5
      <enum name='diskDevice'>
        <value>disk</value>
        <value>cdrom</value>
        <value>floppy</value>
        <value>lun</value>

-disk
-cdrom
-floppy
-lun 
**The above are the type of devices that can be used with the virtual machines on our server
***********************
[jyoo@spacewalk ~]$ virt-manager
[jyoo@spacewalk ~]$ Unable to init server: Could not connect: Connection refused
Unable to init server: Could not connect: Connection refused
Unable to init server: Could not connect: Connection refused

(virt-manager:2207): Gtk-WARNING **: 15:28:27.323: cannot open display:

[jyoo@spacewalk ~]$

ssh -X jyoo@192.168.1.67
X11 forwarding request failed on channel 0
Last login: Sat Jul  4 15:14:28 2020 from 192.168.1.79
[jyoo@spacewalk ~]$

[jyoo@spacewalk ~]$ sudo grep "X11" /etc/ssh/sshd_config
X11Forwarding yes
#X11DisplayOffset 10
#X11UseLocalhost yes
#       X11Forwarding no
[jyoo@spacewalk ~]$

*******************
[jyoo@spacewalk ~]$ sudo yum install xauth
[sudo] password for jyoo:
Last metadata expiration check: 1:04:59 ago on Sat 04 Jul 2020 02:39:39 PM EDT.
Dependencies resolved.
=========================================================================================
 Package                Architecture   Version                   Repository         Size
=========================================================================================
Installing:
 xorg-x11-xauth         x86_64         1:1.0.9-12.el8            AppStream          39 k
Installing dependencies:
 libXmu                 x86_64         1.1.2-12.el8              AppStream          74 k
 libXt                  x86_64         1.1.5-12.el8              AppStream         186 k

Transaction Summary
=========================================================================================
Install  3 Packages

Total download size: 299 k
Installed size: 838 k
Is this ok [y/N]: y
Downloading Packages:
(1/3): xorg-x11-xauth-1.0.9-12.el8.x86_64.rpm             96 kB/s |  39 kB     00:00
(2/3): libXmu-1.1.2-12.el8.x86_64.rpm                    162 kB/s |  74 kB     00:00
(3/3): libXt-1.1.5-12.el8.x86_64.rpm                     373 kB/s | 186 kB     00:00
-----------------------------------------------------------------------------------------
Total                                                    439 kB/s | 299 kB     00:00
Running transaction check
Transaction check succeeded.
Running transaction test
Transaction test succeeded.
Running transaction
  Preparing        :                                                                 1/1
  Installing       : libXt-1.1.5-12.el8.x86_64                                       1/3
  Installing       : libXmu-1.1.2-12.el8.x86_64                                      2/3
  Installing       : xorg-x11-xauth-1:1.0.9-12.el8.x86_64                            3/3
  Running scriptlet: xorg-x11-xauth-1:1.0.9-12.el8.x86_64                            3/3
  Verifying        : libXmu-1.1.2-12.el8.x86_64                                      1/3
  Verifying        : libXt-1.1.5-12.el8.x86_64                                       2/3
  Verifying        : xorg-x11-xauth-1:1.0.9-12.el8.x86_64                            3/3

Installed:
  libXmu-1.1.2-12.el8.x86_64                       libXt-1.1.5-12.el8.x86_64
  xorg-x11-xauth-1:1.0.9-12.el8.x86_64

Complete!
[jyoo@spacewalk ~]$ systemctl restart ssh.service
==== AUTHENTICATING FOR org.freedesktop.systemd1.manage-units ====
Authentication is required to restart 'ssh.service'.
Authenticating as: jason yoo (jyoo)
Password:
==== AUTHENTICATION COMPLETE ====
Failed to restart ssh.service: Unit ssh.service not found.
[jyoo@spacewalk ~]$ sudo systemctl restart sshd.serviec
Failed to restart sshd.serviec.service: Unit sshd.serviec.service not found.
[jyoo@spacewalk ~]$ sudo systemctl restart sshd.service
[jyoo@spacewalk ~]$ exit

********************
ssh -X jyoo@192.168.1.67
Last login: Sat Jul  4 15:44:31 2020 from 192.168.1.79
/usr/bin/xauth:  file /home/jyoo/.Xauthority does not exist
[jyoo@spacewalk ~]$ exit

*********************
virt-manager
GUI is pulling up now but getting the error messages:

Unable to connect to libvirt qemu:///system
Authentication unavailable

[jyoo@spacewalk ~]$ systemctl status libvirtd
● libvirtd.service - Virtualization daemon
   Loaded: loaded (/usr/lib/systemd/system/libvirtd.service; enabled; vendor preset: ena>
   Active: active (running) since Sat 2020-07-04 15:50:41 EDT; 4min 16s ago
     Docs: man:libvirtd(8)
           https://libvirt.org
 Main PID: 1377 (libvirtd)
    Tasks: 19 (limit: 32768)
   Memory: 68.1M
   CGroup: /system.slice/libvirtd.service
           ├─1377 /usr/sbin/libvirtd
           ├─1632 /usr/sbin/dnsmasq --conf-file=/var/lib/libvirt/dnsmasq/default.conf -->
           └─1633 /usr/sbin/dnsmasq --conf-file=/var/lib/libvirt/dnsmasq/default.conf -->

Jul 04 15:50:41 localhost.localdomain dnsmasq[1632]: read /var/lib/libvirt/dnsmasq/defau>
Jul 04 15:50:41 localhost.localdomain dnsmasq-dhcp[1632]: read /var/lib/libvirt/dnsmasq/>
Jul 04 15:51:31 spacewalk libvirtd[1377]: 2020-07-04 19:51:31.993+0000: 1418: info : lib>
Jul 04 15:51:31 spacewalk libvirtd[1377]: 2020-07-04 19:51:31.993+0000: 1418: info : hos>
Jul 04 15:51:31 spacewalk libvirtd[1377]: 2020-07-04 19:51:31.993+0000: 1418: error : vi>
Jul 04 15:51:32 spacewalk libvirtd[1377]: 2020-07-04 19:51:32.000+0000: 1377: error : vi>
Jul 04 15:52:30 spacewalk libvirtd[1377]: 2020-07-04 19:52:30.625+0000: 1415: error : vi>
Jul 04 15:52:30 spacewalk libvirtd[1377]: 2020-07-04 19:52:30.676+0000: 1377: error : vi>
Jul 04 15:54:06 spacewalk libvirtd[1377]: 2020-07-04 19:54:06.217+0000: 1412: error : vi>
Jul 04 15:54:06 spacewalk libvirtd[1377]: 2020-07-04 19:54:06.219+0000: 1377: error : vi>
lines 1-23/23 (END)...skipping...
● libvirtd.service - Virtualization daemon
   Loaded: loaded (/usr/lib/systemd/system/libvirtd.service; enabled; vendor preset: enabled)
   Active: active (running) since Sat 2020-07-04 15:50:41 EDT; 4min 16s ago
     Docs: man:libvirtd(8)
           https://libvirt.org
 Main PID: 1377 (libvirtd)
    Tasks: 19 (limit: 32768)
   Memory: 68.1M
   CGroup: /system.slice/libvirtd.service
           ├─1377 /usr/sbin/libvirtd
           ├─1632 /usr/sbin/dnsmasq --conf-file=/var/lib/libvirt/dnsmasq/default.conf --leasefile-ro --dhcp-script=/usr/libexec/libvirt_leaseshelper
           └─1633 /usr/sbin/dnsmasq --conf-file=/var/lib/libvirt/dnsmasq/default.conf --leasefile-ro --dhcp-script=/usr/libexec/libvirt_leaseshelper

Jul 04 15:50:41 localhost.localdomain dnsmasq[1632]: read /var/lib/libvirt/dnsmasq/default.addnhosts - 0 addresses
Jul 04 15:50:41 localhost.localdomain dnsmasq-dhcp[1632]: read /var/lib/libvirt/dnsmasq/default.hostsfile
Jul 04 15:51:31 spacewalk libvirtd[1377]: 2020-07-04 19:51:31.993+0000: 1418: info : libvirt version: 4.5.0, package: 42.module_el8.2.0+320+13f867d7 (CentOS Buildsys <bugs@centos.org>, 2020-05-28-17:13:31, )
Jul 04 15:51:31 spacewalk libvirtd[1377]: 2020-07-04 19:51:31.993+0000: 1418: info : hostname: localhost.localdomain
Jul 04 15:51:31 spacewalk libvirtd[1377]: 2020-07-04 19:51:31.993+0000: 1418: error : virPolkitCheckAuth:128 : authentication unavailable: no polkit agent available to authenticate action 'org.libvirt.unix.ma>
Jul 04 15:51:32 spacewalk libvirtd[1377]: 2020-07-04 19:51:32.000+0000: 1377: error : virNetSocketReadWire:1806 : End of file while reading data: Input/output error
Jul 04 15:52:30 spacewalk libvirtd[1377]: 2020-07-04 19:52:30.625+0000: 1415: error : virPolkitCheckAuth:128 : authentication unavailable: no polkit agent available to authenticate action 'org.libvirt.unix.ma>
Jul 04 15:52:30 spacewalk libvirtd[1377]: 2020-07-04 19:52:30.676+0000: 1377: error : virNetSocketReadWire:1806 : End of file while reading data: Input/output error
Jul 04 15:54:06 spacewalk libvirtd[1377]: 2020-07-04 19:54:06.217+0000: 1412: error : virPolkitCheckAuth:128 : authentication unavailable: no polkit agent available to authenticate action 'org.libvirt.unix.ma>
Jul 04 15:54:06 spacewalk libvirtd[1377]: 2020-07-04 19:54:06.219+0000: 1377: error : virNetSocketReadWire:1806 : End of file while reading data: Input/output error




*************
[jyoo@spacewalk ~]$ grep 'jyoo' /etc/passwd /etc/group
/etc/passwd:jyoo:x:1000:1000:jason yoo:/home/jyoo:/bin/bash
/etc/group:wheel:x:10:jyoo
/etc/group:jyoo:x:1000:

[jyoo@spacewalk ~]$ sudo usermod --append --groups libvirt 'jyoo'
[jyoo@spacewalk ~]$ grep 'jyoo' /etc/passwd /etc/group
/etc/passwd:jyoo:x:1000:1000:jason yoo:/home/jyoo:/bin/bash
/etc/group:wheel:x:10:jyoo
/etc/group:jyoo:x:1000:
/etc/group:libvirt:x:989:jyoo
[jyoo@spacewalk ~]$


******
Jul 04 16:03:26 spacewalk libvirtd[1372]: 2020-07-04 20:03:26.632+0000: 1413: info : libvirt version: 4.5.0, package: 42.module_el8.2.0+320+13f867d7 (CentOS Buildsys <bugs@centos.org>, 2020-05-28-17:13:31, )
Jul 04 16:03:26 spacewalk libvirtd[1372]: 2020-07-04 20:03:26.632+0000: 1413: info : hostname: localhost.localdomain
Jul 04 16:03:26 spacewalk libvirtd[1372]: 2020-07-04 20:03:26.632+0000: 1413: error : virStoragePoolObjIsDuplicate:1503 : operation failed: pool 'default' already exists with uuid e8eda0b3-6a03-4473-ae1d-912c>
~


***********

[jyoo@spacewalk ~]$ virsh net-list --all
 Name                 State      Autostart     Persistent
----------------------------------------------------------

[jyoo@spacewalk ~]$


*the default network is a NAT-based virtual network
-allows virtual machines to communicate with the outsdie networks IRRESPECTIVE of the active NIC available on the hypervisor
-also provides a private network with IP and a DHCP server so that the VMs will get their IP addresses automatically


NAME=name of the virtual network
DEVICE=name of the bridge created on the host. The bridge interface is the main component for creating virtual networks
STATE=represents the state of the virtual network. ACTIVE or INACTIVE
AUTOSTART=shows whether or not the virtual network should be started when you activate the libvirtd service
IPV4 CONFIG=
-details of the private network
-DHCP range that will be provided to the VMs
-forwarding mode (NAT or isolated)


[jyoo@spacewalk ~]$ virsh net-info default
error: failed to get network 'default'
error: Network not found: no network with matching name 'default'

**********************
Storage Pool
-a store for saved virtual machine disk images

Default Storage Pool
-a storage pool that libvirt created to store its virtual machine image file
/var/lib/libvirt/images


https://computingforgeeks.com/use-virt-manager-as-non-root-user/
****************

http://wiki.docking.org/index.php/How_to_access_X11_Forwarding_after_becoming_root

The issue with accessing the USB when creating the VMs was that I was SSH-ed in as jyoo and I need 'root' access to access USB and my "env" didn't carry over 
from the user to root

For now, I decided to just SSH in as 'root' and create the vm through virt-manager
*************





















































